motors.c:29:6:leftMotorPWMChangeForward	48	static
motors.c:57:6:rightMotorPWMChangeForward	48	static
motors.c:84:6:leftMotorPWMChangeBackward	48	static
motors.c:110:6:rightMotorPWMChangeBackward	48	static
motors.c:136:6:rightTurn	16	static
motors.c:157:6:leftTurn	16	static
motors.c:177:6:backward180Turn	16	static
motors.c:199:6:rightStillTurn	8	static
motors.c:218:6:leftStillTurn	8	static
motors.c:235:6:backward180StillTurn	8	static
motors.c:256:6:motorStop	8	static
motors.c:263:6:motorAbruptStop	8	static
