Archive member included to satisfy reference by file (symbol)

C:/ST/STM32CubeIDE_1.16.0/STM32CubeIDE/plugins/com.st.stm32cube.ide.mcu.externaltools.gnu-tools-for-stm32.9-2020-q2-update.win32_2.1.200.202402032213/tools/bin/../lib/gcc/arm-none-eabi/9.3.1/../../../../arm-none-eabi/lib/thumb/v7-m/nofp\libc_nano.a(lib_a-errno.o)
                              ./Core/Src/syscalls.o (__errno)
C:/ST/STM32CubeIDE_1.16.0/STM32CubeIDE/plugins/com.st.stm32cube.ide.mcu.externaltools.gnu-tools-for-stm32.9-2020-q2-update.win32_2.1.200.202402032213/tools/bin/../lib/gcc/arm-none-eabi/9.3.1/../../../../arm-none-eabi/lib/thumb/v7-m/nofp\libc_nano.a(lib_a-exit.o)
                              C:/ST/STM32CubeIDE_1.16.0/STM32CubeIDE/plugins/com.st.stm32cube.ide.mcu.externaltools.gnu-tools-for-stm32.9-2020-q2-update.win32_2.1.200.202402032213/tools/bin/../lib/gcc/arm-none-eabi/9.3.1/../../../../arm-none-eabi/lib/thumb/v7-m/nofp/crt0.o (exit)
C:/ST/STM32CubeIDE_1.16.0/STM32CubeIDE/plugins/com.st.stm32cube.ide.mcu.externaltools.gnu-tools-for-stm32.9-2020-q2-update.win32_2.1.200.202402032213/tools/bin/../lib/gcc/arm-none-eabi/9.3.1/../../../../arm-none-eabi/lib/thumb/v7-m/nofp\libc_nano.a(lib_a-impure.o)
                              C:/ST/STM32CubeIDE_1.16.0/STM32CubeIDE/plugins/com.st.stm32cube.ide.mcu.externaltools.gnu-tools-for-stm32.9-2020-q2-update.win32_2.1.200.202402032213/tools/bin/../lib/gcc/arm-none-eabi/9.3.1/../../../../arm-none-eabi/lib/thumb/v7-m/nofp\libc_nano.a(lib_a-exit.o) (_global_impure_ptr)
C:/ST/STM32CubeIDE_1.16.0/STM32CubeIDE/plugins/com.st.stm32cube.ide.mcu.externaltools.gnu-tools-for-stm32.9-2020-q2-update.win32_2.1.200.202402032213/tools/bin/../lib/gcc/arm-none-eabi/9.3.1/../../../../arm-none-eabi/lib/thumb/v7-m/nofp\libc_nano.a(lib_a-init.o)
                              C:/ST/STM32CubeIDE_1.16.0/STM32CubeIDE/plugins/com.st.stm32cube.ide.mcu.externaltools.gnu-tools-for-stm32.9-2020-q2-update.win32_2.1.200.202402032213/tools/bin/../lib/gcc/arm-none-eabi/9.3.1/../../../../arm-none-eabi/lib/thumb/v7-m/nofp/crt0.o (__libc_init_array)
C:/ST/STM32CubeIDE_1.16.0/STM32CubeIDE/plugins/com.st.stm32cube.ide.mcu.externaltools.gnu-tools-for-stm32.9-2020-q2-update.win32_2.1.200.202402032213/tools/bin/../lib/gcc/arm-none-eabi/9.3.1/../../../../arm-none-eabi/lib/thumb/v7-m/nofp\libc_nano.a(lib_a-memset.o)
                              C:/ST/STM32CubeIDE_1.16.0/STM32CubeIDE/plugins/com.st.stm32cube.ide.mcu.externaltools.gnu-tools-for-stm32.9-2020-q2-update.win32_2.1.200.202402032213/tools/bin/../lib/gcc/arm-none-eabi/9.3.1/../../../../arm-none-eabi/lib/thumb/v7-m/nofp/crt0.o (memset)
C:/ST/STM32CubeIDE_1.16.0/STM32CubeIDE/plugins/com.st.stm32cube.ide.mcu.externaltools.gnu-tools-for-stm32.9-2020-q2-update.win32_2.1.200.202402032213/tools/bin/../lib/gcc/arm-none-eabi/9.3.1/thumb/v7-m/nofp\libgcc.a(_arm_mulsf3.o)
                              ./Core/Src/pdT.o (__aeabi_fmul)
C:/ST/STM32CubeIDE_1.16.0/STM32CubeIDE/plugins/com.st.stm32cube.ide.mcu.externaltools.gnu-tools-for-stm32.9-2020-q2-update.win32_2.1.200.202402032213/tools/bin/../lib/gcc/arm-none-eabi/9.3.1/thumb/v7-m/nofp\libgcc.a(_arm_addsubsf3.o)
                              ./Core/Src/pdV.o (__aeabi_fsub)
C:/ST/STM32CubeIDE_1.16.0/STM32CubeIDE/plugins/com.st.stm32cube.ide.mcu.externaltools.gnu-tools-for-stm32.9-2020-q2-update.win32_2.1.200.202402032213/tools/bin/../lib/gcc/arm-none-eabi/9.3.1/thumb/v7-m/nofp\libgcc.a(_arm_cmpsf2.o)
                              ./Core/Src/motors.o (__aeabi_fcmplt)
C:/ST/STM32CubeIDE_1.16.0/STM32CubeIDE/plugins/com.st.stm32cube.ide.mcu.externaltools.gnu-tools-for-stm32.9-2020-q2-update.win32_2.1.200.202402032213/tools/bin/../lib/gcc/arm-none-eabi/9.3.1/thumb/v7-m/nofp\libgcc.a(_arm_fixsfsi.o)
                              ./Core/Src/pdV.o (__aeabi_f2iz)
C:/ST/STM32CubeIDE_1.16.0/STM32CubeIDE/plugins/com.st.stm32cube.ide.mcu.externaltools.gnu-tools-for-stm32.9-2020-q2-update.win32_2.1.200.202402032213/tools/bin/../lib/gcc/arm-none-eabi/9.3.1/thumb/v7-m/nofp\libgcc.a(_arm_fixunssfsi.o)
                              ./Core/Src/motors.o (__aeabi_f2uiz)

Allocating common symbols
Common symbol       size              file

time_of_delay       0x4               ./Core/Src/tim.o
startupSensorLF     0x4               ./Core/Src/adc.o
IR_values           0x10              ./Core/Src/adc.o
delay_flag          0x4               ./Core/Src/tim.o
move_queue          0x804             ./Core/Src/main.o
htim4               0x40              ./Core/Src/tim.o
ADC_RF              0x4               ./Core/Src/adc.o
htim10              0x40              ./Core/Src/tim.o
base_speed          0x4               ./Core/Src/pdT.o
leftIntegral        0x4               ./Core/Src/pdV.o
startupSensorL      0x4               ./Core/Src/adc.o
g_DmaHandle         0x44              ./Core/Src/dma.o
dotRegister         0xa0              ./Core/Src/LED_Display.o
startupSensorRF     0x4               ./Core/Src/adc.o
[...]
Memory Configuration

Name             Origin             Length             Attributes
RAM              0x0000000020000000 0x0000000000005000 xrw
FLASH            0x0000000008000000 0x0000000000010000 xr
*default*        0x0000000000000000 0xffffffffffffffff

Linker script and memory map

LOAD C:/ST/STM32CubeIDE_1.16.0/STM32CubeIDE/plugins/com.st.stm32cube.ide.mcu.externaltools.gnu-tools-for-stm32.9-2020-q2-update.win32_2.1.200.202402032213/tools/bin/../lib/gcc/arm-none-eabi/9.3.1/thumb/v7-m/nofp/crti.o
LOAD C:/ST/STM32CubeIDE_1.16.0/STM32CubeIDE/plugins/com.st.stm32cube.ide.mcu.externaltools.gnu-tools-for-stm32.9-2020-q2-update.win32_2.1.200.202402032213/tools/bin/../lib/gcc/arm-none-eabi/9.3.1/thumb/v7-m/nofp/crtbegin.o
LOAD C:/ST/STM32CubeIDE_1.16.0/STM32CubeIDE/plugins/com.st.stm32cube.ide.mcu.externaltools.gnu-tools-for-stm32.9-2020-q2-update.win32_2.1.200.202402032213/tools/bin/../lib/gcc/arm-none-eabi/9.3.1/../../../../arm-none-eabi/lib/thumb/v7-m/nofp/crt0.o
LOAD ./Core/Src/LED_Display.o
LOAD ./Core/Src/adc.o
LOAD ./Core/Src/dma.o
LOAD ./Core/Src/encoder.o
LOAD ./Core/Src/flood.o
LOAD ./Core/Src/gpio.o
LOAD ./Core/Src/hugger.o
LOAD ./Core/Src/lock.o
LOAD ./Core/Src/main.o
LOAD ./Core/Src/motors.o
LOAD ./Core/Src/pdT.o
LOAD ./Core/Src/pdV.o
LOAD ./Core/Src/spi.o
LOAD ./Core/Src/stm32f1xx_hal_msp.o
LOAD ./Core/Src/stm32f1xx_it.o
LOAD ./Core/Src/syscalls.o
LOAD ./Core/Src/sysmem.o
LOAD ./Core/Src/system_stm32f1xx.o
LOAD ./Core/Src/tim.o
LOAD ./Core/Startup/startup_stm32f103c8tx.o
LOAD ./Drivers/STM32F1xx_HAL_Driver/Src/stm32f1xx_hal.o
LOAD ./Drivers/STM32F1xx_HAL_Driver/Src/stm32f1xx_hal_cortex.o
LOAD ./Drivers/STM32F1xx_HAL_Driver/Src/stm32f1xx_hal_dma.o
LOAD ./Drivers/STM32F1xx_HAL_Driver/Src/stm32f1xx_hal_exti.o
LOAD ./Drivers/STM32F1xx_HAL_Driver/Src/stm32f1xx_hal_flash.o
LOAD ./Drivers/STM32F1xx_HAL_Driver/Src/stm32f1xx_hal_flash_ex.o
LOAD ./Drivers/STM32F1xx_HAL_Driver/Src/stm32f1xx_hal_gpio.o
LOAD ./Drivers/STM32F1xx_HAL_Driver/Src/stm32f1xx_hal_gpio_ex.o
LOAD ./Drivers/STM32F1xx_HAL_Driver/Src/stm32f1xx_hal_pwr.o
LOAD ./Drivers/STM32F1xx_HAL_Driver/Src/stm32f1xx_hal_rcc.o
LOAD ./Drivers/STM32F1xx_HAL_Driver/Src/stm32f1xx_hal_rcc_ex.o
LOAD ./Drivers/STM32F1xx_HAL_Driver/Src/stm32f1xx_hal_tim.o
LOAD ./Drivers/STM32F1xx_HAL_Driver/Src/stm32f1xx_hal_tim_ex.o
START GROUP
LOAD C:/ST/STM32CubeIDE_1.16.0/STM32CubeIDE/plugins/com.st.stm32cube.ide.mcu.externaltools.gnu-tools-for-stm32.9-2020-q2-update.win32_2.1.200.202402032213/tools/bin/../lib/gcc/arm-none-eabi/9.3.1/../../../../arm-none-eabi/lib/thumb/v7-m/nofp\libc_nano.a
LOAD C:/ST/STM32CubeIDE_1.16.0/STM32CubeIDE/plugins/com.st.stm32cube.ide.mcu.externaltools.gnu-tools-for-stm32.9-2020-q2-update.win32_2.1.200.202402032213/tools/bin/../lib/gcc/arm-none-eabi/9.3.1/../../../../arm-none-eabi/lib/thumb/v7-m/nofp\libm.a
END GROUP
START GROUP
LOAD C:/ST/STM32CubeIDE_1.16.0/STM32CubeIDE/plugins/com.st.stm32cube.ide.mcu.externaltools.gnu-tools-for-stm32.9-2020-q2-update.win32_2.1.200.202402032213/tools/bin/../lib/gcc/arm-none-eabi/9.3.1/thumb/v7-m/nofp\libgcc.a
LOAD C:/ST/STM32CubeIDE_1.16.0/STM32CubeIDE/plugins/com.st.stm32cube.ide.mcu.externaltools.gnu-tools-for-stm32.9-2020-q2-update.win32_2.1.200.202402032213/tools/bin/../lib/gcc/arm-none-eabi/9.3.1/../../../../arm-none-eabi/lib/thumb/v7-m/nofp\libc_nano.a
END GROUP
START GROUP
LOAD C:/ST/STM32CubeIDE_1.16.0/STM32CubeIDE/plugins/com.st.stm32cube.ide.mcu.externaltools.gnu-tools-for-stm32.9-2020-q2-update.win32_2.1.200.202402032213/tools/bin/../lib/gcc/arm-none-eabi/9.3.1/thumb/v7-m/nofp\libgcc.a
LOAD C:/ST/STM32CubeIDE_1.16.0/STM32CubeIDE/plugins/com.st.stm32cube.ide.mcu.externaltools.gnu-tools-for-stm32.9-2020-q2-update.win32_2.1.200.202402032213/tools/bin/../lib/gcc/arm-none-eabi/9.3.1/../../../../arm-none-eabi/lib/thumb/v7-m/nofp\libc_nano.a
LOAD C:/ST/STM32CubeIDE_1.16.0/STM32CubeIDE/plugins/com.st.stm32cube.ide.mcu.externaltools.gnu-tools-for-stm32.9-2020-q2-update.win32_2.1.200.202402032213/tools/bin/../lib/gcc/arm-none-eabi/9.3.1/../../../../arm-none-eabi/lib/thumb/v7-m/nofp\libnosys.a
END GROUP
START GROUP
LOAD C:/ST/STM32CubeIDE_1.16.0/STM32CubeIDE/plugins/com.st.stm32cube.ide.mcu.externaltools.gnu-tools-for-stm32.9-2020-q2-update.win32_2.1.200.202402032213/tools/bin/../lib/gcc/arm-none-eabi/9.3.1/thumb/v7-m/nofp\libgcc.a
LOAD C:/ST/STM32CubeIDE_1.16.0/STM32CubeIDE/plugins/com.st.stm32cube.ide.mcu.externaltools.gnu-tools-for-stm32.9-2020-q2-update.win32_2.1.200.202402032213/tools/bin/../lib/gcc/arm-none-eabi/9.3.1/../../../../arm-none-eabi/lib/thumb/v7-m/nofp\libc_nano.a
LOAD C:/ST/STM32CubeIDE_1.16.0/STM32CubeIDE/plugins/com.st.stm32cube.ide.mcu.externaltools.gnu-tools-for-stm32.9-2020-q2-update.win32_2.1.200.202402032213/tools/bin/../lib/gcc/arm-none-eabi/9.3.1/../../../../arm-none-eabi/lib/thumb/v7-m/nofp\libnosys.a
END GROUP
LOAD C:/ST/STM32CubeIDE_1.16.0/STM32CubeIDE/plugins/com.st.stm32cube.ide.mcu.externaltools.gnu-tools-for-stm32.9-2020-q2-update.win32_2.1.200.202402032213/tools/bin/../lib/gcc/arm-none-eabi/9.3.1/thumb/v7-m/nofp/crtend.o
LOAD C:/ST/STM32CubeIDE_1.16.0/STM32CubeIDE/plugins/com.st.stm32cube.ide.mcu.externaltools.gnu-tools-for-stm32.9-2020-q2-update.win32_2.1.200.202402032213/tools/bin/../lib/gcc/arm-none-eabi/9.3.1/thumb/v7-m/nofp/crtn.o
                0x0000000020005000                _estack = (ORIGIN (RAM) + LENGTH (RAM))
                0x0000000000000200                _Min_Heap_Size = 0x200
                0x0000000000000400                _Min_Stack_Size = 0x400

.isr_vector     0x0000000008000000      0x10c
                0x0000000008000000                . = ALIGN (0x4)
 *(.isr_vector)
 .isr_vector    0x0000000008000000      0x10c ./Core/Startup/startup_stm32f103c8tx.o
                0x0000000008000000                g_pfnVectors
                0x000000000800010c                . = ALIGN (0x4)

.text           0x000000000800010c     0x5014
                0x000000000800010c                . = ALIGN (0x4)
 *(.text)
 .text          0x000000000800010c       0x40 C:/ST/STM32CubeIDE_1.16.0/STM32CubeIDE/plugins/com.st.stm32cube.ide.mcu.externaltools.gnu-tools-for-stm32.9-2020-q2-update.win32_2.1.200.202402032213/tools/bin/../lib/gcc/arm-none-eabi/9.3.1/thumb/v7-m/nofp/crtbegin.o
 .text          0x000000000800014c       0xec C:/ST/STM32CubeIDE_1.16.0/STM32CubeIDE/plugins/com.st.stm32cube.ide.mcu.externaltools.gnu-tools-for-stm32.9-2020-q2-update.win32_2.1.200.202402032213/tools/bin/../lib/gcc/arm-none-eabi/9.3.1/thumb/v7-m/nofp\libgcc.a(_arm_cmpsf2.o)
                0x000000000800014c                __gesf2
                0x000000000800014c                __gtsf2
                0x0000000008000154                __lesf2
                0x0000000008000154                __ltsf2
                0x000000000800015c                __nesf2
                0x000000000800015c                __eqsf2
                0x000000000800015c                __cmpsf2
                0x00000000080001bc                __aeabi_cfrcmple
                0x00000000080001c4                __aeabi_cfcmpeq
                0x00000000080001c4                __aeabi_cfcmple
                0x00000000080001d4                __aeabi_fcmpeq
                0x00000000080001e8                __aeabi_fcmplt
                0x00000000080001fc                __aeabi_fcmple
                0x0000000008000210                __aeabi_fcmpge
                0x0000000008000224                __aeabi_fcmpgt
 .text          0x0000000008000238       0x40 C:/ST/STM32CubeIDE_1.16.0/STM32CubeIDE/plugins/com.st.stm32cube.ide.mcu.externaltools.gnu-tools-for-stm32.9-2020-q2-update.win32_2.1.200.202402032213/tools/bin/../lib/gcc/arm-none-eabi/9.3.1/thumb/v7-m/nofp\libgcc.a(_arm_fixunssfsi.o)
                0x0000000008000238                __fixunssfsi
                0x0000000008000238                __aeabi_f2uiz
 *(.text*)
 .text.MX_ADC1_Init
                0x0000000008000278        0xc ./Core/Src/adc.o
                0x0000000008000278                MX_ADC1_Init
 .text.getLeftADCValue
                0x0000000008000284       0x14 ./Core/Src/adc.o
                0x0000000008000284                getLeftADCValue
 .text.getLeftFrontADCValue
                0x0000000008000298       0x14 ./Core/Src/adc.o
                0x0000000008000298                getLeftFrontADCValue
 .text.getRightFrontADCValue
                0x00000000080002ac       0x14 ./Core/Src/adc.o
                0x00000000080002ac                getRightFrontADCValue
 .text.getRightADCValue
                0x00000000080002c0       0x14 ./Core/Src/adc.o
                0x00000000080002c0                getRightADCValue
 .text.mouseStartSensorWave
                0x00000000080002d4       0x90 ./Core/Src/adc.o
                0x00000000080002d4                mouseStartSensorWave
 .text.wallFavor
                0x0000000008000364       0x5c ./Core/Src/adc.o
                0x0000000008000364                wallFavor
 .text.MX_DMA_Init
                0x00000000080003c0        0xc ./Core/Src/dma.o
                0x00000000080003c0                MX_DMA_Init
 .text.encoderStart
                0x00000000080003cc       0x20 ./Core/Src/encoder.o
                0x00000000080003cc                encoderStart
 .text.getLeftEncoderValue
                0x00000000080003ec       0x14 ./Core/Src/encoder.o
                0x00000000080003ec                getLeftEncoderValue
 .text.getRightEncoderValue
                0x0000000008000400       0x14 ./Core/Src/encoder.o
                0x0000000008000400                getRightEncoderValue
 .text.setLeftEncoderValue
                0x0000000008000414       0x1c ./Core/Src/encoder.o
                0x0000000008000414                setLeftEncoderValue
 .text.setRightEncoderValue
                0x0000000008000430       0x1c ./Core/Src/encoder.o
                0x0000000008000430                setRightEncoderValue
 .text.resetLeftEncoder
                0x000000000800044c       0x28 ./Core/Src/encoder.o
                0x000000000800044c                resetLeftEncoder
 .text.resetRightEncoder
                0x0000000008000474       0x28 ./Core/Src/encoder.o
                0x0000000008000474                resetRightEncoder
 .text.advanceTicks
                0x000000000800049c       0x78 ./Core/Src/encoder.o
                0x000000000800049c                advanceTicks
 .text.uncontrolledAdvanceTicks
                0x0000000008000514       0x5a ./Core/Src/encoder.o
                0x0000000008000514                uncontrolledAdvanceTicks
 .text.init_distance_maze
                0x000000000800056e      0x142 ./Core/Src/flood.o
                0x000000000800056e                init_distance_maze
 .text.init_wall_maze
                0x00000000080006b0      0x15e ./Core/Src/flood.o
                0x00000000080006b0                init_wall_maze
 .text.init_coor
                0x000000000800080e       0x22 ./Core/Src/flood.o
                0x000000000800080e                init_coor
 .text.pop_stack
                0x0000000008000830       0x3c ./Core/Src/flood.o
                0x0000000008000830                pop_stack
 .text.push_stack
                0x000000000800086c       0x3c ./Core/Src/flood.o
                0x000000000800086c                push_stack
 .text.advanceTicksFlood
                0x00000000080008a8      0x3bc ./Core/Src/flood.o
                0x00000000080008a8                advanceTicksFlood
 .text.floodFill
                0x0000000008000c64      0x3fc ./Core/Src/flood.o
                0x0000000008000c64                floodFill
 .text.checkForWalls
                0x0000000008001060      0x2c4 ./Core/Src/flood.o
                0x0000000008001060                checkForWalls
 .text.minusOneNeighbor
                0x0000000008001324      0x308 ./Core/Src/flood.o
                0x0000000008001324                minusOneNeighbor
 .text.advanceOneCell
                0x000000000800162c       0x54 ./Core/Src/flood.o
                0x000000000800162c                advanceOneCell
 .text.advanceOneCellVisited
                0x0000000008001680       0x44 ./Core/Src/flood.o
                0x0000000008001680                advanceOneCellVisited
 .text.centerMovement
                0x00000000080016c4      0x980 ./Core/Src/flood.o
                0x00000000080016c4                centerMovement
 .text.logicalFlood
                0x0000000008002044      0x154 ./Core/Src/flood.o
                0x0000000008002044                logicalFlood
 .text.shortestPath
                0x0000000008002198      0x2f8 ./Core/Src/flood.o
                0x0000000008002198                shortestPath
 .text.MX_GPIO_Init
                0x0000000008002490      0x124 ./Core/Src/gpio.o
                0x0000000008002490                MX_GPIO_Init
 .text.emitter_Init
                0x00000000080025b4       0x40 ./Core/Src/gpio.o
                0x00000000080025b4                emitter_Init
 .text.turnOnLEDS
                0x00000000080025f4       0x74 ./Core/Src/gpio.o
                0x00000000080025f4                turnOnLEDS
 .text.rightWallHugger
                0x0000000008002668       0xbc ./Core/Src/hugger.o
                0x0000000008002668                rightWallHugger
 .text.leftWallHugger
                0x0000000008002724       0xbc ./Core/Src/hugger.o
                0x0000000008002724                leftWallHugger
 .text.lockInterruptDisable_TIM3
                0x00000000080027e0       0x20 ./Core/Src/lock.o
                0x00000000080027e0                lockInterruptDisable_TIM3
 .text.lockInterruptEnable_TIM3
                0x0000000008002800       0x3c ./Core/Src/lock.o
                0x0000000008002800                lockInterruptEnable_TIM3
 .text.lockInterruptDisable_Gyro_Delay
                0x000000000800283c       0x14 ./Core/Src/lock.o
                0x000000000800283c                lockInterruptDisable_Gyro_Delay
 .text.lockInterruptEnable_Gyro_Delay
                0x0000000008002850       0x28 ./Core/Src/lock.o
                0x0000000008002850                lockInterruptEnable_Gyro_Delay
 .text.main     0x0000000008002878      0x1fc ./Core/Src/main.o
                0x0000000008002878                main
 .text.SystemClock_Config
                0x0000000008002a74       0xbc ./Core/Src/main.o
                0x0000000008002a74                SystemClock_Config
 .text.Error_Handler
                0x0000000008002b30        0x6 ./Core/Src/main.o
                0x0000000008002b30                Error_Handler
 *fill*         0x0000000008002b36        0x2 
 .text.leftMotorPWMChangeForward
                0x0000000008002b38       0x78 ./Core/Src/motors.o
                0x0000000008002b38                leftMotorPWMChangeForward
 .text.rightMotorPWMChangeForward
                0x0000000008002bb0       0x78 ./Core/Src/motors.o
                0x0000000008002bb0                rightMotorPWMChangeForward
 .text.leftMotorPWMChangeBackward
                0x0000000008002c28       0x6c ./Core/Src/motors.o
                0x0000000008002c28                leftMotorPWMChangeBackward
 .text.rightMotorPWMChangeBackward
                0x0000000008002c94       0x6c ./Core/Src/motors.o
                0x0000000008002c94                rightMotorPWMChangeBackward
 .text.rightTurn
                0x0000000008002d00       0x80 ./Core/Src/motors.o
                0x0000000008002d00                rightTurn
 .text.leftTurn
                0x0000000008002d80       0x80 ./Core/Src/motors.o
                0x0000000008002d80                leftTurn
 .text.backward180Turn
                0x0000000008002e00       0x80 ./Core/Src/motors.o
                0x0000000008002e00                backward180Turn
 .text.rightStillTurn
                0x0000000008002e80       0x58 ./Core/Src/motors.o
                0x0000000008002e80                rightStillTurn
 .text.leftStillTurn
                0x0000000008002ed8       0x54 ./Core/Src/motors.o
                0x0000000008002ed8                leftStillTurn
 .text.backward180StillTurn
                0x0000000008002f2c       0x58 ./Core/Src/motors.o
                0x0000000008002f2c                backward180StillTurn
 .text.motorStop
                0x0000000008002f84       0x28 ./Core/Src/motors.o
                0x0000000008002f84                motorStop
 .text.setPositionL
                0x0000000008002fac       0x1c ./Core/Src/pdT.o
                0x0000000008002fac                setPositionL
 .text.setPositionR
                0x0000000008002fc8       0x1c ./Core/Src/pdT.o
                0x0000000008002fc8                setPositionR
 .text.setBaseSpeed
                0x0000000008002fe4       0x1c ./Core/Src/pdT.o
                0x0000000008002fe4                setBaseSpeed
 .text.setIntegralL
                0x0000000008003000       0x1c ./Core/Src/pdV.o
                0x0000000008003000                setIntegralL
 .text.setIntegralR
                0x000000000800301c       0x1c ./Core/Src/pdV.o
                0x000000000800301c                setIntegralR
 .text.MX_SPI2_Init
                0x0000000008003038        0xc ./Core/Src/spi.o
                0x0000000008003038                MX_SPI2_Init
 .text.Init_IMU
                0x0000000008003044        0xc ./Core/Src/spi.o
                0x0000000008003044                Init_IMU
 .text.resetGyroAngle
                0x0000000008003050        0xc ./Core/Src/spi.o
                0x0000000008003050                resetGyroAngle
 .text.HAL_MspInit
                0x000000000800305c       0x64 ./Core/Src/stm32f1xx_hal_msp.o
                0x000000000800305c                HAL_MspInit
 .text.HAL_TIM_Base_MspInit
                0x00000000080030c0       0x3c ./Core/Src/stm32f1xx_hal_msp.o
                0x00000000080030c0                HAL_TIM_Base_MspInit
 .text.HAL_TIM_MspPostInit
                0x00000000080030fc       0x64 ./Core/Src/stm32f1xx_hal_msp.o
                0x00000000080030fc                HAL_TIM_MspPostInit
 .text.NMI_Handler
                0x0000000008003160        0xc ./Core/Src/stm32f1xx_it.o
                0x0000000008003160                NMI_Handler
 .text.HardFault_Handler
                0x000000000800316c        0x6 ./Core/Src/stm32f1xx_it.o
                0x000000000800316c                HardFault_Handler
 .text.MemManage_Handler
                0x0000000008003172        0x6 ./Core/Src/stm32f1xx_it.o
                0x0000000008003172                MemManage_Handler
 .text.BusFault_Handler
                0x0000000008003178        0x6 ./Core/Src/stm32f1xx_it.o
                0x0000000008003178                BusFault_Handler
 .text.UsageFault_Handler
                0x000000000800317e        0x6 ./Core/Src/stm32f1xx_it.o
                0x000000000800317e                UsageFault_Handler
 .text.SVC_Handler
                0x0000000008003184        0xc ./Core/Src/stm32f1xx_it.o
                0x0000000008003184                SVC_Handler
 .text.DebugMon_Handler
                0x0000000008003190        0xc ./Core/Src/stm32f1xx_it.o
                0x0000000008003190                DebugMon_Handler
 .text.PendSV_Handler
                0x000000000800319c        0xc ./Core/Src/stm32f1xx_it.o
                0x000000000800319c                PendSV_Handler
 .text.SysTick_Handler
                0x00000000080031a8        0xc ./Core/Src/stm32f1xx_it.o
                0x00000000080031a8                SysTick_Handler
 .text.SystemInit
                0x00000000080031b4       0x68 ./Core/Src/system_stm32f1xx.o
                0x00000000080031b4                SystemInit
 .text.MX_TIM2_Init
                0x000000000800321c       0x78 ./Core/Src/tim.o
                0x000000000800321c                MX_TIM2_Init
 .text.MX_TIM3_Init
                0x0000000008003294       0x80 ./Core/Src/tim.o
                0x0000000008003294                MX_TIM3_Init
 .text.MX_TIM4_Init
                0x0000000008003314       0xac ./Core/Src/tim.o
                0x0000000008003314                MX_TIM4_Init
 .text.MX_TIM5_Init
                0x00000000080033c0        0xc ./Core/Src/tim.o
                0x00000000080033c0                MX_TIM5_Init
 .text.MX_TIM11_Init
                0x00000000080033cc        0xc ./Core/Src/tim.o
                0x00000000080033cc                MX_TIM11_Init
 .text.MX_TIM10_Init
                0x00000000080033d8        0xc ./Core/Src/tim.o
                0x00000000080033d8                MX_TIM10_Init
 .text.custom_delay
                0x00000000080033e4       0x2c ./Core/Src/tim.o
                0x00000000080033e4                custom_delay
 .text.leftMotorStart
                0x0000000008003410       0x7c ./Core/Src/tim.o
                0x0000000008003410                leftMotorStart
 .text.rightMotorStart
                0x000000000800348c       0x7c ./Core/Src/tim.o
                0x000000000800348c                rightMotorStart
 .text.Reset_Handler
                0x0000000008003508       0x48 ./Core/Startup/startup_stm32f103c8tx.o
                0x0000000008003508                Reset_Handler
 .text.Default_Handler
                0x0000000008003550        0x2 ./Core/Startup/startup_stm32f103c8tx.o
                0x0000000008003550                RTC_Alarm_IRQHandler
                0x0000000008003550                EXTI2_IRQHandler
                0x0000000008003550                TIM1_CC_IRQHandler
                0x0000000008003550                PVD_IRQHandler
                0x0000000008003550                EXTI3_IRQHandler
                0x0000000008003550                EXTI0_IRQHandler
                0x0000000008003550                I2C2_EV_IRQHandler
                0x0000000008003550                ADC1_2_IRQHandler
                0x0000000008003550                SPI1_IRQHandler
                0x0000000008003550                TAMPER_IRQHandler
                0x0000000008003550                DMA1_Channel4_IRQHandler
                0x0000000008003550                USART3_IRQHandler
                0x0000000008003550                RTC_IRQHandler
                0x0000000008003550                DMA1_Channel7_IRQHandler
                0x0000000008003550                CAN1_RX1_IRQHandler
                0x0000000008003550                TIM4_IRQHandler
                0x0000000008003550                I2C1_EV_IRQHandler
                0x0000000008003550                DMA1_Channel6_IRQHandler
                0x0000000008003550                TIM3_IRQHandler
                0x0000000008003550                RCC_IRQHandler
                0x0000000008003550                TIM1_TRG_COM_IRQHandler
                0x0000000008003550                DMA1_Channel1_IRQHandler
                0x0000000008003550                Default_Handler
                0x0000000008003550                EXTI15_10_IRQHandler
                0x0000000008003550                EXTI9_5_IRQHandler
                0x0000000008003550                SPI2_IRQHandler
                0x0000000008003550                DMA1_Channel5_IRQHandler
                0x0000000008003550                EXTI4_IRQHandler
                0x0000000008003550                USB_LP_CAN1_RX0_IRQHandler
                0x0000000008003550                USB_HP_CAN1_TX_IRQHandler
                0x0000000008003550                DMA1_Channel3_IRQHandler
                0x0000000008003550                TIM1_UP_IRQHandler
                0x0000000008003550                WWDG_IRQHandler
                0x0000000008003550                TIM2_IRQHandler
                0x0000000008003550                TIM1_BRK_IRQHandler
                0x0000000008003550                EXTI1_IRQHandler
                0x0000000008003550                USART2_IRQHandler
                0x0000000008003550                I2C2_ER_IRQHandler
                0x0000000008003550                DMA1_Channel2_IRQHandler
                0x0000000008003550                CAN1_SCE_IRQHandler
                0x0000000008003550                FLASH_IRQHandler
                0x0000000008003550                USART1_IRQHandler
                0x0000000008003550                I2C1_ER_IRQHandler
                0x0000000008003550                USBWakeUp_IRQHandler
 *fill*         0x0000000008003552        0x2 
 .text.HAL_Init
                0x0000000008003554       0x2c ./Drivers/STM32F1xx_HAL_Driver/Src/stm32f1xx_hal.o
                0x0000000008003554                HAL_Init
 .text.HAL_InitTick
                0x0000000008003580       0x60 ./Drivers/STM32F1xx_HAL_Driver/Src/stm32f1xx_hal.o
                0x0000000008003580                HAL_InitTick
 .text.HAL_IncTick
                0x00000000080035e0       0x24 ./Drivers/STM32F1xx_HAL_Driver/Src/stm32f1xx_hal.o
                0x00000000080035e0                HAL_IncTick
 .text.HAL_GetTick
                0x0000000008003604       0x14 ./Drivers/STM32F1xx_HAL_Driver/Src/stm32f1xx_hal.o
                0x0000000008003604                HAL_GetTick
 .text.HAL_Delay
                0x0000000008003618       0x48 ./Drivers/STM32F1xx_HAL_Driver/Src/stm32f1xx_hal.o
                0x0000000008003618                HAL_Delay
 .text.__NVIC_SetPriorityGrouping
                0x0000000008003660       0x48 ./Drivers/STM32F1xx_HAL_Driver/Src/stm32f1xx_hal_cortex.o
 .text.__NVIC_GetPriorityGrouping
                0x00000000080036a8       0x1c ./Drivers/STM32F1xx_HAL_Driver/Src/stm32f1xx_hal_cortex.o
 .text.__NVIC_EnableIRQ
                0x00000000080036c4       0x38 ./Drivers/STM32F1xx_HAL_Driver/Src/stm32f1xx_hal_cortex.o
 .text.__NVIC_DisableIRQ
                0x00000000080036fc       0x48 ./Drivers/STM32F1xx_HAL_Driver/Src/stm32f1xx_hal_cortex.o
 .text.__NVIC_SetPriority
                0x0000000008003744       0x54 ./Drivers/STM32F1xx_HAL_Driver/Src/stm32f1xx_hal_cortex.o
 .text.NVIC_EncodePriority
                0x0000000008003798       0x64 ./Drivers/STM32F1xx_HAL_Driver/Src/stm32f1xx_hal_cortex.o
 .text.SysTick_Config
                0x00000000080037fc       0x44 ./Drivers/STM32F1xx_HAL_Driver/Src/stm32f1xx_hal_cortex.o
 .text.HAL_NVIC_SetPriorityGrouping
                0x0000000008003840       0x16 ./Drivers/STM32F1xx_HAL_Driver/Src/stm32f1xx_hal_cortex.o
                0x0000000008003840                HAL_NVIC_SetPriorityGrouping
 .text.HAL_NVIC_SetPriority
                0x0000000008003856       0x38 ./Drivers/STM32F1xx_HAL_Driver/Src/stm32f1xx_hal_cortex.o
                0x0000000008003856                HAL_NVIC_SetPriority
 .text.HAL_NVIC_EnableIRQ
                0x000000000800388e       0x1c ./Drivers/STM32F1xx_HAL_Driver/Src/stm32f1xx_hal_cortex.o
                0x000000000800388e                HAL_NVIC_EnableIRQ
 .text.HAL_NVIC_DisableIRQ
                0x00000000080038aa       0x1c ./Drivers/STM32F1xx_HAL_Driver/Src/stm32f1xx_hal_cortex.o
                0x00000000080038aa                HAL_NVIC_DisableIRQ
 .text.HAL_SYSTICK_Config
                0x00000000080038c6       0x18 ./Drivers/STM32F1xx_HAL_Driver/Src/stm32f1xx_hal_cortex.o
                0x00000000080038c6                HAL_SYSTICK_Config
 *fill*         0x00000000080038de        0x2 
 .text.HAL_SYSTICK_CLKSourceConfig
                0x00000000080038e0       0x38 ./Drivers/STM32F1xx_HAL_Driver/Src/stm32f1xx_hal_cortex.o
                0x00000000080038e0                HAL_SYSTICK_CLKSourceConfig
 .text.HAL_GPIO_Init
                0x0000000008003918      0x308 ./Drivers/STM32F1xx_HAL_Driver/Src/stm32f1xx_hal_gpio.o
                0x0000000008003918                HAL_GPIO_Init
 .text.HAL_GPIO_WritePin
                0x0000000008003c20       0x30 ./Drivers/STM32F1xx_HAL_Driver/Src/stm32f1xx_hal_gpio.o
                0x0000000008003c20                HAL_GPIO_WritePin
 .text.HAL_RCC_OscConfig
                0x0000000008003c50      0x500 ./Drivers/STM32F1xx_HAL_Driver/Src/stm32f1xx_hal_rcc.o
                0x0000000008003c50                HAL_RCC_OscConfig
 .text.HAL_RCC_ClockConfig
                0x0000000008004150      0x1d4 ./Drivers/STM32F1xx_HAL_Driver/Src/stm32f1xx_hal_rcc.o
                0x0000000008004150                HAL_RCC_ClockConfig
 .text.HAL_RCC_GetSysClockFreq
                0x0000000008004324       0xc0 ./Drivers/STM32F1xx_HAL_Driver/Src/stm32f1xx_hal_rcc.o
                0x0000000008004324                HAL_RCC_GetSysClockFreq
 .text.HAL_RCC_GetHCLKFreq
                0x00000000080043e4       0x14 ./Drivers/STM32F1xx_HAL_Driver/Src/stm32f1xx_hal_rcc.o
                0x00000000080043e4                HAL_RCC_GetHCLKFreq
 .text.RCC_Delay
                0x00000000080043f8       0x3c ./Drivers/STM32F1xx_HAL_Driver/Src/stm32f1xx_hal_rcc.o
 .text.HAL_TIM_Base_Init
                0x0000000008004434       0x56 ./Drivers/STM32F1xx_HAL_Driver/Src/stm32f1xx_hal_tim.o
                0x0000000008004434                HAL_TIM_Base_Init
 .text.HAL_TIM_Base_Start_IT
                0x000000000800448a       0x46 ./Drivers/STM32F1xx_HAL_Driver/Src/stm32f1xx_hal_tim.o
                0x000000000800448a                HAL_TIM_Base_Start_IT
 .text.HAL_TIM_PWM_Init
                0x00000000080044d0       0x56 ./Drivers/STM32F1xx_HAL_Driver/Src/stm32f1xx_hal_tim.o
                0x00000000080044d0                HAL_TIM_PWM_Init
 .text.HAL_TIM_PWM_MspInit
                0x0000000008004526       0x12 ./Drivers/STM32F1xx_HAL_Driver/Src/stm32f1xx_hal_tim.o
                0x0000000008004526                HAL_TIM_PWM_MspInit
 .text.HAL_TIM_PWM_Start
                0x0000000008004538       0x64 ./Drivers/STM32F1xx_HAL_Driver/Src/stm32f1xx_hal_tim.o
                0x0000000008004538                HAL_TIM_PWM_Start
 .text.HAL_TIM_Encoder_Init
                0x000000000800459c      0x11c ./Drivers/STM32F1xx_HAL_Driver/Src/stm32f1xx_hal_tim.o
                0x000000000800459c                HAL_TIM_Encoder_Init
 .text.HAL_TIM_Encoder_MspInit
                0x00000000080046b8       0x12 ./Drivers/STM32F1xx_HAL_Driver/Src/stm32f1xx_hal_tim.o
                0x00000000080046b8                HAL_TIM_Encoder_MspInit
 .text.HAL_TIM_Encoder_Start
                0x00000000080046ca       0x70 ./Drivers/STM32F1xx_HAL_Driver/Src/stm32f1xx_hal_tim.o
                0x00000000080046ca                HAL_TIM_Encoder_Start
 .text.HAL_TIM_Encoder_Stop
                0x000000000800473a       0x90 ./Drivers/STM32F1xx_HAL_Driver/Src/stm32f1xx_hal_tim.o
                0x000000000800473a                HAL_TIM_Encoder_Stop
 *fill*         0x00000000080047ca        0x2 
 .text.HAL_TIM_PWM_ConfigChannel
                0x00000000080047cc      0x18c ./Drivers/STM32F1xx_HAL_Driver/Src/stm32f1xx_hal_tim.o
                0x00000000080047cc                HAL_TIM_PWM_ConfigChannel
 .text.HAL_TIM_ConfigClockSource
                0x0000000008004958      0x188 ./Drivers/STM32F1xx_HAL_Driver/Src/stm32f1xx_hal_tim.o
                0x0000000008004958                HAL_TIM_ConfigClockSource
 .text.TIM_Base_SetConfig
                0x0000000008004ae0       0xc4 ./Drivers/STM32F1xx_HAL_Driver/Src/stm32f1xx_hal_tim.o
                0x0000000008004ae0                TIM_Base_SetConfig
 .text.TIM_OC1_SetConfig
                0x0000000008004ba4       0xcc ./Drivers/STM32F1xx_HAL_Driver/Src/stm32f1xx_hal_tim.o
 .text.TIM_OC2_SetConfig
                0x0000000008004c70       0xd4 ./Drivers/STM32F1xx_HAL_Driver/Src/stm32f1xx_hal_tim.o
                0x0000000008004c70                TIM_OC2_SetConfig
 .text.TIM_OC3_SetConfig
                0x0000000008004d44       0xd4 ./Drivers/STM32F1xx_HAL_Driver/Src/stm32f1xx_hal_tim.o
 .text.TIM_OC4_SetConfig
                0x0000000008004e18       0x9c ./Drivers/STM32F1xx_HAL_Driver/Src/stm32f1xx_hal_tim.o
 .text.TIM_TI1_ConfigInputStage
                0x0000000008004eb4       0x5c ./Drivers/STM32F1xx_HAL_Driver/Src/stm32f1xx_hal_tim.o
 .text.TIM_TI2_ConfigInputStage
                0x0000000008004f10       0x5e ./Drivers/STM32F1xx_HAL_Driver/Src/stm32f1xx_hal_tim.o
 .text.TIM_ITRx_SetConfig
                0x0000000008004f6e       0x34 ./Drivers/STM32F1xx_HAL_Driver/Src/stm32f1xx_hal_tim.o
 .text.TIM_ETR_SetConfig
                0x0000000008004fa2       0x3e ./Drivers/STM32F1xx_HAL_Driver/Src/stm32f1xx_hal_tim.o
                0x0000000008004fa2                TIM_ETR_SetConfig
 .text.TIM_CCxChannelCmd
                0x0000000008004fe0       0x48 ./Drivers/STM32F1xx_HAL_Driver/Src/stm32f1xx_hal_tim.o
                0x0000000008004fe0                TIM_CCxChannelCmd
 .text.HAL_TIMEx_MasterConfigSynchronization
                0x0000000008005028       0x88 ./Drivers/STM32F1xx_HAL_Driver/Src/stm32f1xx_hal_tim_ex.o
                0x0000000008005028                HAL_TIMEx_MasterConfigSynchronization
 .text.__libc_init_array
                0x00000000080050b0       0x48 C:/ST/STM32CubeIDE_1.16.0/STM32CubeIDE/plugins/com.st.stm32cube.ide.mcu.externaltools.gnu-tools-for-stm32.9-2020-q2-update.win32_2.1.200.202402032213/tools/bin/../lib/gcc/arm-none-eabi/9.3.1/../../../../arm-none-eabi/lib/thumb/v7-m/nofp\libc_nano.a(lib_a-init.o)
                0x00000000080050b0                __libc_init_array
 .text.memset   0x00000000080050f8       0x10 C:/ST/STM32CubeIDE_1.16.0/STM32CubeIDE/plugins/com.st.stm32cube.ide.mcu.externaltools.gnu-tools-for-stm32.9-2020-q2-update.win32_2.1.200.202402032213/tools/bin/../lib/gcc/arm-none-eabi/9.3.1/../../../../arm-none-eabi/lib/thumb/v7-m/nofp\libc_nano.a(lib_a-memset.o)
                0x00000000080050f8                memset
 *(.glue_7)
 .glue_7        0x0000000008005108        0x0 linker stubs
 *(.glue_7t)
 .glue_7t       0x0000000008005108        0x0 linker stubs
 *(.eh_frame)
 .eh_frame      0x0000000008005108        0x0 C:/ST/STM32CubeIDE_1.16.0/STM32CubeIDE/plugins/com.st.stm32cube.ide.mcu.externaltools.gnu-tools-for-stm32.9-2020-q2-update.win32_2.1.200.202402032213/tools/bin/../lib/gcc/arm-none-eabi/9.3.1/thumb/v7-m/nofp/crtbegin.o
 *(.init)
 .init          0x0000000008005108        0x4 C:/ST/STM32CubeIDE_1.16.0/STM32CubeIDE/plugins/com.st.stm32cube.ide.mcu.externaltools.gnu-tools-for-stm32.9-2020-q2-update.win32_2.1.200.202402032213/tools/bin/../lib/gcc/arm-none-eabi/9.3.1/thumb/v7-m/nofp/crti.o
                0x0000000008005108                _init
 .init          0x000000000800510c        0x8 C:/ST/STM32CubeIDE_1.16.0/STM32CubeIDE/plugins/com.st.stm32cube.ide.mcu.externaltools.gnu-tools-for-stm32.9-2020-q2-update.win32_2.1.200.202402032213/tools/bin/../lib/gcc/arm-none-eabi/9.3.1/thumb/v7-m/nofp/crtn.o
 *(.fini)
 .fini          0x0000000008005114        0x4 C:/ST/STM32CubeIDE_1.16.0/STM32CubeIDE/plugins/com.st.stm32cube.ide.mcu.externaltools.gnu-tools-for-stm32.9-2020-q2-update.win32_2.1.200.202402032213/tools/bin/../lib/gcc/arm-none-eabi/9.3.1/thumb/v7-m/nofp/crti.o
                0x0000000008005114                _fini
 .fini          0x0000000008005118        0x8 C:/ST/STM32CubeIDE_1.16.0/STM32CubeIDE/plugins/com.st.stm32cube.ide.mcu.externaltools.gnu-tools-for-stm32.9-2020-q2-update.win32_2.1.200.202402032213/tools/bin/../lib/gcc/arm-none-eabi/9.3.1/thumb/v7-m/nofp/crtn.o
                0x0000000008005120                . = ALIGN (0x4)
                0x0000000008005120                _etext = .

.vfp11_veneer   0x0000000008005120        0x0
 .vfp11_veneer  0x0000000008005120        0x0 linker stubs

.v4_bx          0x0000000008005120        0x0
 .v4_bx         0x0000000008005120        0x0 linker stubs

.iplt           0x0000000008005120        0x0
 .iplt          0x0000000008005120        0x0 C:/ST/STM32CubeIDE_1.16.0/STM32CubeIDE/plugins/com.st.stm32cube.ide.mcu.externaltools.gnu-tools-for-stm32.9-2020-q2-update.win32_2.1.200.202402032213/tools/bin/../lib/gcc/arm-none-eabi/9.3.1/thumb/v7-m/nofp/crtbegin.o

.rodata         0x0000000008005120       0x20
                0x0000000008005120                . = ALIGN (0x4)
 *(.rodata)
 .rodata        0x0000000008005120       0x10 ./Drivers/STM32F1xx_HAL_Driver/Src/stm32f1xx_hal_rcc.o
 *(.rodata*)
 .rodata.AHBPrescTable
                0x0000000008005130       0x10 ./Core/Src/system_stm32f1xx.o
                0x0000000008005130                AHBPrescTable
                0x0000000008005140                . = ALIGN (0x4)

.rel.dyn        0x0000000008005140        0x0
 .rel.iplt      0x0000000008005140        0x0 C:/ST/STM32CubeIDE_1.16.0/STM32CubeIDE/plugins/com.st.stm32cube.ide.mcu.externaltools.gnu-tools-for-stm32.9-2020-q2-update.win32_2.1.200.202402032213/tools/bin/../lib/gcc/arm-none-eabi/9.3.1/thumb/v7-m/nofp/crtbegin.o

.ARM.extab      0x0000000008005140        0x0
                0x0000000008005140                . = ALIGN (0x4)
 *(.ARM.extab* .gnu.linkonce.armextab.*)
                0x0000000008005140                . = ALIGN (0x4)

.ARM            0x0000000008005140        0x0
                0x0000000008005140                . = ALIGN (0x4)
                0x0000000008005140                __exidx_start = .
 *(.ARM.exidx*)
                0x0000000008005140                __exidx_end = .
                0x0000000008005140                . = ALIGN (0x4)

.preinit_array  0x0000000008005140        0x0
                0x0000000008005140                . = ALIGN (0x4)
                0x0000000008005140                PROVIDE (__preinit_array_start = .)
 *(.preinit_array*)
                0x0000000008005140                PROVIDE (__preinit_array_end = .)
                0x0000000008005140                . = ALIGN (0x4)

.init_array     0x0000000008005140        0x4
                0x0000000008005140                . = ALIGN (0x4)
                0x0000000008005140                PROVIDE (__init_array_start = .)
 *(SORT_BY_NAME(.init_array.*))
 *(.init_array*)
 .init_array    0x0000000008005140        0x4 C:/ST/STM32CubeIDE_1.16.0/STM32CubeIDE/plugins/com.st.stm32cube.ide.mcu.externaltools.gnu-tools-for-stm32.9-2020-q2-update.win32_2.1.200.202402032213/tools/bin/../lib/gcc/arm-none-eabi/9.3.1/thumb/v7-m/nofp/crtbegin.o
                0x0000000008005144                PROVIDE (__init_array_end = .)
                0x0000000008005144                . = ALIGN (0x4)

.fini_array     0x0000000008005144        0x4
                0x0000000008005144                . = ALIGN (0x4)
                [!provide]                        PROVIDE (__fini_array_start = .)
 *(SORT_BY_NAME(.fini_array.*))
 *(.fini_array*)
 .fini_array    0x0000000008005144        0x4 C:/ST/STM32CubeIDE_1.16.0/STM32CubeIDE/plugins/com.st.stm32cube.ide.mcu.externaltools.gnu-tools-for-stm32.9-2020-q2-update.win32_2.1.200.202402032213/tools/bin/../lib/gcc/arm-none-eabi/9.3.1/thumb/v7-m/nofp/crtbegin.o
                [!provide]                        PROVIDE (__fini_array_end = .)
                0x0000000008005148                . = ALIGN (0x4)
                0x0000000008005148                _sidata = LOADADDR (.data)

.data           0x0000000020000000        0xc load address 0x0000000008005148
                0x0000000020000000                . = ALIGN (0x4)
                0x0000000020000000                _sdata = .
 *(.data)
 *(.data*)
 .data.SystemCoreClock
                0x0000000020000000        0x4 ./Core/Src/system_stm32f1xx.o
                0x0000000020000000                SystemCoreClock
 .data.uwTickPrio
                0x0000000020000004        0x4 ./Drivers/STM32F1xx_HAL_Driver/Src/stm32f1xx_hal.o
                0x0000000020000004                uwTickPrio
 .data.uwTickFreq
                0x0000000020000008        0x1 ./Drivers/STM32F1xx_HAL_Driver/Src/stm32f1xx_hal.o
                0x0000000020000008                uwTickFreq
                0x000000002000000c                . = ALIGN (0x4)
 *fill*         0x0000000020000009        0x3 
                0x000000002000000c                _edata = .

.igot.plt       0x000000002000000c        0x0 load address 0x0000000008005154
 .igot.plt      0x000000002000000c        0x0 C:/ST/STM32CubeIDE_1.16.0/STM32CubeIDE/plugins/com.st.stm32cube.ide.mcu.externaltools.gnu-tools-for-stm32.9-2020-q2-update.win32_2.1.200.202402032213/tools/bin/../lib/gcc/arm-none-eabi/9.3.1/thumb/v7-m/nofp/crtbegin.o
                0x000000002000000c                . = ALIGN (0x4)

.bss            0x000000002000000c     0x9b14 load address 0x0000000008005154
                0x000000002000000c                _sbss = .
                0x000000002000000c                __bss_start__ = _sbss
 *(.bss)
 .bss           0x000000002000000c       0x1c C:/ST/STM32CubeIDE_1.16.0/STM32CubeIDE/plugins/com.st.stm32cube.ide.mcu.externaltools.gnu-tools-for-stm32.9-2020-q2-update.win32_2.1.200.202402032213/tools/bin/../lib/gcc/arm-none-eabi/9.3.1/thumb/v7-m/nofp/crtbegin.o
 *(.bss*)
 .bss.angle     0x0000000020000028        0x4 ./Core/Src/main.o
                0x0000000020000028                angle
 *(COMMON)
 COMMON         0x000000002000002c     0x8030 ./Core/Src/adc.o
                0x000000002000002c                startupSensorLF
                0x0000000020000030                IR_values
                0x0000000020000040                ADC_RF
                0x0000000020000044                startupSensorL
                0x0000000020000048                startupSensorRF
                0x000000002000004c                startupSensorR
                0x0000000020000050                g_ADCBuffer
                0x0000000020008050                ADC_LF
                0x0000000020008054                ADC_R
                0x0000000020008058                ADC_L
 COMMON         0x000000002000805c        0x8 ./Core/Src/encoder.o
                0x000000002000805c                leftEncoderValue
                0x0000000020008060                rightEncoderValue
 COMMON         0x0000000020008064     0x190c ./Core/Src/main.o
                0x0000000020008064                move_queue
                0x0000000020008868                update_stack
                0x000000002000906c                algorithm
                0x0000000020009070                cell_walls_info
                0x0000000020009570                distances
 COMMON         0x0000000020009970        0x8 ./Core/Src/motors.o
                0x0000000020009970                leftDutyCycle
                0x0000000020009974                rightDutyCycle
 COMMON         0x0000000020009978        0xc ./Core/Src/pdT.o
                0x0000000020009978                base_speed
                0x000000002000997c                rightPositionOldError
                0x0000000020009980                leftPositionOldError
 COMMON         0x0000000020009984       0x10 ./Core/Src/pdV.o
                0x0000000020009984                leftIntegral
                0x0000000020009988                rightVelocityOldError
                0x000000002000998c                rightIntegral
                0x0000000020009990                leftVelocityOldError
 COMMON         0x0000000020009994      0x188 ./Core/Src/tim.o
                0x0000000020009994                time_of_delay
                0x0000000020009998                delay_flag
                0x000000002000999c                htim4
                0x00000000200099dc                htim10
                0x0000000020009a1c                htim5
                0x0000000020009a5c                htim3
                0x0000000020009a9c                htim11
                0x0000000020009adc                htim2
 COMMON         0x0000000020009b1c        0x4 ./Drivers/STM32F1xx_HAL_Driver/Src/stm32f1xx_hal.o
                0x0000000020009b1c                uwTick
                0x0000000020009b20                . = ALIGN (0x4)
                0x0000000020009b20                _ebss = .
                0x0000000020009b20                __bss_end__ = _ebss

._user_heap_stack
                0x0000000020009b20      0x600 load address 0x0000000008005154
                0x0000000020009b20                . = ALIGN (0x8)
                [!provide]                        PROVIDE (end = .)
                0x0000000020009b20                PROVIDE (_end = .)
                0x0000000020009d20                . = (. + _Min_Heap_Size)
 *fill*         0x0000000020009b20      0x200 
                0x000000002000a120                . = (. + _Min_Stack_Size)
 *fill*         0x0000000020009d20      0x400 
                0x000000002000a120                . = ALIGN (0x8)

/DISCARD/
 libc.a(*)
 libm.a(*)
 libgcc.a(*)

.ARM.attributes
                0x0000000000000000       0x29
 *(.ARM.attributes)
 .ARM.attributes
                0x0000000000000000       0x1d C:/ST/STM32CubeIDE_1.16.0/STM32CubeIDE/plugins/com.st.stm32cube.ide.mcu.externaltools.gnu-tools-for-stm32.9-2020-q2-update.win32_2.1.200.202402032213/tools/bin/../lib/gcc/arm-none-eabi/9.3.1/thumb/v7-m/nofp/crti.o
 .ARM.attributes
                0x000000000000001d       0x2d C:/ST/STM32CubeIDE_1.16.0/STM32CubeIDE/plugins/com.st.stm32cube.ide.mcu.externaltools.gnu-tools-for-stm32.9-2020-q2-update.win32_2.1.200.202402032213/tools/bin/../lib/gcc/arm-none-eabi/9.3.1/thumb/v7-m/nofp/crtbegin.o
 .ARM.attributes
                0x000000000000004a       0x2d ./Core/Src/adc.o
 .ARM.attributes
                0x0000000000000077       0x2d ./Core/Src/dma.o
 .ARM.attributes
                0x00000000000000a4       0x2d ./Core/Src/encoder.o
 .ARM.attributes
                0x00000000000000d1       0x2d ./Core/Src/flood.o
 .ARM.attributes
                0x00000000000000fe       0x2d ./Core/Src/gpio.o
 .ARM.attributes
                0x000000000000012b       0x2d ./Core/Src/hugger.o
 .ARM.attributes
                0x0000000000000158       0x2d ./Core/Src/lock.o
 .ARM.attributes
                0x0000000000000185       0x2d ./Core/Src/main.o
 .ARM.attributes
                0x00000000000001b2       0x2d ./Core/Src/motors.o
 .ARM.attributes
                0x00000000000001df       0x2d ./Core/Src/pdT.o
 .ARM.attributes
                0x000000000000020c       0x2d ./Core/Src/pdV.o
 .ARM.attributes
                0x0000000000000239       0x2d ./Core/Src/spi.o
 .ARM.attributes
                0x0000000000000266       0x2d ./Core/Src/stm32f1xx_hal_msp.o
 .ARM.attributes
                0x0000000000000293       0x2d ./Core/Src/stm32f1xx_it.o
 .ARM.attributes
                0x00000000000002c0       0x2d ./Core/Src/system_stm32f1xx.o
 .ARM.attributes
                0x00000000000002ed       0x2d ./Core/Src/tim.o
 .ARM.attributes
                0x000000000000031a       0x21 ./Core/Startup/startup_stm32f103c8tx.o
 .ARM.attributes
                0x000000000000033b       0x2d ./Drivers/STM32F1xx_HAL_Driver/Src/stm32f1xx_hal.o
 .ARM.attributes
                0x0000000000000368       0x2d ./Drivers/STM32F1xx_HAL_Driver/Src/stm32f1xx_hal_cortex.o
 .ARM.attributes
                0x0000000000000395       0x2d ./Drivers/STM32F1xx_HAL_Driver/Src/stm32f1xx_hal_gpio.o
 .ARM.attributes
                0x00000000000003c2       0x2d ./Drivers/STM32F1xx_HAL_Driver/Src/stm32f1xx_hal_rcc.o
 .ARM.attributes
                0x00000000000003ef       0x2d ./Drivers/STM32F1xx_HAL_Driver/Src/stm32f1xx_hal_tim.o
 .ARM.attributes
                0x000000000000041c       0x2d ./Drivers/STM32F1xx_HAL_Driver/Src/stm32f1xx_hal_tim_ex.o
 .ARM.attributes
                0x0000000000000449       0x2d C:/ST/STM32CubeIDE_1.16.0/STM32CubeIDE/plugins/com.st.stm32cube.ide.mcu.externaltools.gnu-tools-for-stm32.9-2020-q2-update.win32_2.1.200.202402032213/tools/bin/../lib/gcc/arm-none-eabi/9.3.1/../../../../arm-none-eabi/lib/thumb/v7-m/nofp\libc_nano.a(lib_a-init.o)
 .ARM.attributes
                0x0000000000000476       0x2d C:/ST/STM32CubeIDE_1.16.0/STM32CubeIDE/plugins/com.st.stm32cube.ide.mcu.externaltools.gnu-tools-for-stm32.9-2020-q2-update.win32_2.1.200.202402032213/tools/bin/../lib/gcc/arm-none-eabi/9.3.1/../../../../arm-none-eabi/lib/thumb/v7-m/nofp\libc_nano.a(lib_a-memset.o)
 .ARM.attributes
                0x00000000000004a3       0x1d C:/ST/STM32CubeIDE_1.16.0/STM32CubeIDE/plugins/com.st.stm32cube.ide.mcu.externaltools.gnu-tools-for-stm32.9-2020-q2-update.win32_2.1.200.202402032213/tools/bin/../lib/gcc/arm-none-eabi/9.3.1/thumb/v7-m/nofp\libgcc.a(_arm_cmpsf2.o)
 .ARM.attributes
                0x00000000000004c0       0x1d C:/ST/STM32CubeIDE_1.16.0/STM32CubeIDE/plugins/com.st.stm32cube.ide.mcu.externaltools.gnu-tools-for-stm32.9-2020-q2-update.win32_2.1.200.202402032213/tools/bin/../lib/gcc/arm-none-eabi/9.3.1/thumb/v7-m/nofp\libgcc.a(_arm_fixunssfsi.o)
 .ARM.attributes
                0x00000000000004dd       0x1d C:/ST/STM32CubeIDE_1.16.0/STM32CubeIDE/plugins/com.st.stm32cube.ide.mcu.externaltools.gnu-tools-for-stm32.9-2020-q2-update.win32_2.1.200.202402032213/tools/bin/../lib/gcc/arm-none-eabi/9.3.1/thumb/v7-m/nofp/crtn.o
OUTPUT(Micromouse.elf elf32-littlearm)
LOAD linker stubs
LOAD C:/ST/STM32CubeIDE_1.16.0/STM32CubeIDE/plugins/com.st.stm32cube.ide.mcu.externaltools.gnu-tools-for-stm32.9-2020-q2-update.win32_2.1.200.202402032213/tools/bin/../lib/gcc/arm-none-eabi/9.3.1/../../../../arm-none-eabi/lib/thumb/v7-m/nofp\libc.a
LOAD C:/ST/STM32CubeIDE_1.16.0/STM32CubeIDE/plugins/com.st.stm32cube.ide.mcu.externaltools.gnu-tools-for-stm32.9-2020-q2-update.win32_2.1.200.202402032213/tools/bin/../lib/gcc/arm-none-eabi/9.3.1/../../../../arm-none-eabi/lib/thumb/v7-m/nofp\libm.a
LOAD C:/ST/STM32CubeIDE_1.16.0/STM32CubeIDE/plugins/com.st.stm32cube.ide.mcu.externaltools.gnu-tools-for-stm32.9-2020-q2-update.win32_2.1.200.202402032213/tools/bin/../lib/gcc/arm-none-eabi/9.3.1/thumb/v7-m/nofp\libgcc.a

.debug_info     0x0000000000000000     0xd76f
 .debug_info    0x0000000000000000      0x67a ./Core/Src/adc.o
 .debug_info    0x000000000000067a      0x431 ./Core/Src/dma.o
 .debug_info    0x0000000000000aab      0x897 ./Core/Src/encoder.o
 .debug_info    0x0000000000001342     0x1023 ./Core/Src/flood.o
 .debug_info    0x0000000000002365      0x3e8 ./Core/Src/gpio.o
 .debug_info    0x000000000000274d      0x81e ./Core/Src/hugger.o
 .debug_info    0x0000000000002f6b      0x3c4 ./Core/Src/lock.o
 .debug_info    0x000000000000332f      0xe50 ./Core/Src/main.o
 .debug_info    0x000000000000417f      0xa38 ./Core/Src/motors.o
 .debug_info    0x0000000000004bb7      0x69f ./Core/Src/pdT.o
 .debug_info    0x0000000000005256      0x74d ./Core/Src/pdV.o
 .debug_info    0x00000000000059a3      0x7ab ./Core/Src/spi.o
 .debug_info    0x000000000000614e      0x965 ./Core/Src/stm32f1xx_hal_msp.o
 .debug_info    0x0000000000006ab3      0x224 ./Core/Src/stm32f1xx_it.o
 .debug_info    0x0000000000006cd7      0x46d ./Core/Src/system_stm32f1xx.o
 .debug_info    0x0000000000007144      0xb06 ./Core/Src/tim.o
 .debug_info    0x0000000000007c4a       0x22 ./Core/Startup/startup_stm32f103c8tx.o
 .debug_info    0x0000000000007c6c      0x752 ./Drivers/STM32F1xx_HAL_Driver/Src/stm32f1xx_hal.o
 .debug_info    0x00000000000083be      0xbd0 ./Drivers/STM32F1xx_HAL_Driver/Src/stm32f1xx_hal_cortex.o
 .debug_info    0x0000000000008f8e      0x6e5 ./Drivers/STM32F1xx_HAL_Driver/Src/stm32f1xx_hal_gpio.o
 .debug_info    0x0000000000009673      0x882 ./Drivers/STM32F1xx_HAL_Driver/Src/stm32f1xx_hal_rcc.o
 .debug_info    0x0000000000009ef5     0x2674 ./Drivers/STM32F1xx_HAL_Driver/Src/stm32f1xx_hal_tim.o
 .debug_info    0x000000000000c569     0x1206 ./Drivers/STM32F1xx_HAL_Driver/Src/stm32f1xx_hal_tim_ex.o

.debug_abbrev   0x0000000000000000     0x2abd
 .debug_abbrev  0x0000000000000000      0x234 ./Core/Src/adc.o
 .debug_abbrev  0x0000000000000234      0x180 ./Core/Src/dma.o
 .debug_abbrev  0x00000000000003b4      0x1f3 ./Core/Src/encoder.o
 .debug_abbrev  0x00000000000005a7      0x2fc ./Core/Src/flood.o
 .debug_abbrev  0x00000000000008a3      0x168 ./Core/Src/gpio.o
 .debug_abbrev  0x0000000000000a0b      0x165 ./Core/Src/hugger.o
 .debug_abbrev  0x0000000000000b70      0x133 ./Core/Src/lock.o
 .debug_abbrev  0x0000000000000ca3      0x22f ./Core/Src/main.o
 .debug_abbrev  0x0000000000000ed2      0x206 ./Core/Src/motors.o
 .debug_abbrev  0x00000000000010d8      0x1f3 ./Core/Src/pdT.o
 .debug_abbrev  0x00000000000012cb      0x21e ./Core/Src/pdV.o
 .debug_abbrev  0x00000000000014e9      0x181 ./Core/Src/spi.o
 .debug_abbrev  0x000000000000166a      0x1db ./Core/Src/stm32f1xx_hal_msp.o
 .debug_abbrev  0x0000000000001845       0xd2 ./Core/Src/stm32f1xx_it.o
 .debug_abbrev  0x0000000000001917      0x14e ./Core/Src/system_stm32f1xx.o
 .debug_abbrev  0x0000000000001a65      0x22e ./Core/Src/tim.o
 .debug_abbrev  0x0000000000001c93       0x12 ./Core/Startup/startup_stm32f103c8tx.o
 .debug_abbrev  0x0000000000001ca5      0x200 ./Drivers/STM32F1xx_HAL_Driver/Src/stm32f1xx_hal.o
 .debug_abbrev  0x0000000000001ea5      0x313 ./Drivers/STM32F1xx_HAL_Driver/Src/stm32f1xx_hal_cortex.o
 .debug_abbrev  0x00000000000021b8      0x1e8 ./Drivers/STM32F1xx_HAL_Driver/Src/stm32f1xx_hal_gpio.o
 .debug_abbrev  0x00000000000023a0      0x273 ./Drivers/STM32F1xx_HAL_Driver/Src/stm32f1xx_hal_rcc.o
 .debug_abbrev  0x0000000000002613      0x25e ./Drivers/STM32F1xx_HAL_Driver/Src/stm32f1xx_hal_tim.o
 .debug_abbrev  0x0000000000002871      0x24c ./Drivers/STM32F1xx_HAL_Driver/Src/stm32f1xx_hal_tim_ex.o

.debug_aranges  0x0000000000000000      0xd00
 .debug_aranges
                0x0000000000000000       0x70 ./Core/Src/adc.o
 .debug_aranges
                0x0000000000000070       0x28 ./Core/Src/dma.o
 .debug_aranges
                0x0000000000000098       0x60 ./Core/Src/encoder.o
 .debug_aranges
                0x00000000000000f8       0xa0 ./Core/Src/flood.o
 .debug_aranges
                0x0000000000000198       0x40 ./Core/Src/gpio.o
 .debug_aranges
                0x00000000000001d8       0x28 ./Core/Src/hugger.o
 .debug_aranges
                0x0000000000000200       0x38 ./Core/Src/lock.o
 .debug_aranges
                0x0000000000000238       0x30 ./Core/Src/main.o
 .debug_aranges
                0x0000000000000268       0x78 ./Core/Src/motors.o
 .debug_aranges
                0x00000000000002e0       0x60 ./Core/Src/pdT.o
 .debug_aranges
                0x0000000000000340       0x78 ./Core/Src/pdV.o
 .debug_aranges
                0x00000000000003b8       0x40 ./Core/Src/spi.o
 .debug_aranges
                0x00000000000003f8       0x38 ./Core/Src/stm32f1xx_hal_msp.o
 .debug_aranges
                0x0000000000000430       0x60 ./Core/Src/stm32f1xx_it.o
 .debug_aranges
                0x0000000000000490       0x28 ./Core/Src/system_stm32f1xx.o
 .debug_aranges
                0x00000000000004b8       0x60 ./Core/Src/tim.o
 .debug_aranges
                0x0000000000000518       0x28 ./Core/Startup/startup_stm32f103c8tx.o
 .debug_aranges
                0x0000000000000540       0xe0 ./Drivers/STM32F1xx_HAL_Driver/Src/stm32f1xx_hal.o
 .debug_aranges
                0x0000000000000620      0x100 ./Drivers/STM32F1xx_HAL_Driver/Src/stm32f1xx_hal_cortex.o
 .debug_aranges
                0x0000000000000720       0x58 ./Drivers/STM32F1xx_HAL_Driver/Src/stm32f1xx_hal_gpio.o
 .debug_aranges
                0x0000000000000778       0x90 ./Drivers/STM32F1xx_HAL_Driver/Src/stm32f1xx_hal_rcc.o
 .debug_aranges
                0x0000000000000808      0x3a8 ./Drivers/STM32F1xx_HAL_Driver/Src/stm32f1xx_hal_tim.o
 .debug_aranges
                0x0000000000000bb0      0x150 ./Drivers/STM32F1xx_HAL_Driver/Src/stm32f1xx_hal_tim_ex.o

.debug_ranges   0x0000000000000000      0xb98
 .debug_ranges  0x0000000000000000       0x60 ./Core/Src/adc.o
 .debug_ranges  0x0000000000000060       0x18 ./Core/Src/dma.o
 .debug_ranges  0x0000000000000078       0x50 ./Core/Src/encoder.o
 .debug_ranges  0x00000000000000c8       0x90 ./Core/Src/flood.o
 .debug_ranges  0x0000000000000158       0x30 ./Core/Src/gpio.o
 .debug_ranges  0x0000000000000188       0x18 ./Core/Src/hugger.o
 .debug_ranges  0x00000000000001a0       0x28 ./Core/Src/lock.o
 .debug_ranges  0x00000000000001c8       0x20 ./Core/Src/main.o
 .debug_ranges  0x00000000000001e8       0x68 ./Core/Src/motors.o
 .debug_ranges  0x0000000000000250       0x50 ./Core/Src/pdT.o
 .debug_ranges  0x00000000000002a0       0x68 ./Core/Src/pdV.o
 .debug_ranges  0x0000000000000308       0x30 ./Core/Src/spi.o
 .debug_ranges  0x0000000000000338       0x28 ./Core/Src/stm32f1xx_hal_msp.o
 .debug_ranges  0x0000000000000360       0x50 ./Core/Src/stm32f1xx_it.o
 .debug_ranges  0x00000000000003b0       0x18 ./Core/Src/system_stm32f1xx.o
 .debug_ranges  0x00000000000003c8       0x50 ./Core/Src/tim.o
 .debug_ranges  0x0000000000000418       0x20 ./Core/Startup/startup_stm32f103c8tx.o
 .debug_ranges  0x0000000000000438       0xd0 ./Drivers/STM32F1xx_HAL_Driver/Src/stm32f1xx_hal.o
 .debug_ranges  0x0000000000000508       0xf0 ./Drivers/STM32F1xx_HAL_Driver/Src/stm32f1xx_hal_cortex.o
 .debug_ranges  0x00000000000005f8       0x48 ./Drivers/STM32F1xx_HAL_Driver/Src/stm32f1xx_hal_gpio.o
 .debug_ranges  0x0000000000000640       0x80 ./Drivers/STM32F1xx_HAL_Driver/Src/stm32f1xx_hal_rcc.o
 .debug_ranges  0x00000000000006c0      0x398 ./Drivers/STM32F1xx_HAL_Driver/Src/stm32f1xx_hal_tim.o
 .debug_ranges  0x0000000000000a58      0x140 ./Drivers/STM32F1xx_HAL_Driver/Src/stm32f1xx_hal_tim_ex.o

.debug_macro    0x0000000000000000     0x2a3d
 .debug_macro   0x0000000000000000      0x1cd ./Core/Src/adc.o
 .debug_macro   0x00000000000001cd       0x28 ./Core/Src/adc.o
 .debug_macro   0x00000000000001f5       0x16 ./Core/Src/adc.o
 .debug_macro   0x000000000000020b       0x1c ./Core/Src/adc.o
 .debug_macro   0x0000000000000227      0x1ad ./Core/Src/dma.o
 .debug_macro   0x00000000000003d4      0x20f ./Core/Src/encoder.o
 .debug_macro   0x00000000000005e3       0x16 ./Core/Src/encoder.o
 .debug_macro   0x00000000000005f9       0x5e ./Core/Src/encoder.o
 .debug_macro   0x0000000000000657      0x221 ./Core/Src/flood.o
 .debug_macro   0x0000000000000878       0x22 ./Core/Src/flood.o
 .debug_macro   0x000000000000089a       0x22 ./Core/Src/flood.o
 .debug_macro   0x00000000000008bc       0x28 ./Core/Src/flood.o
 .debug_macro   0x00000000000008e4      0x19a ./Core/Src/gpio.o
 .debug_macro   0x0000000000000a7e      0x20d ./Core/Src/hugger.o
 .debug_macro   0x0000000000000c8b      0x19a ./Core/Src/lock.o
 .debug_macro   0x0000000000000e25      0x2de ./Core/Src/main.o
 .debug_macro   0x0000000000001103       0x1c ./Core/Src/main.o
 .debug_macro   0x000000000000111f       0x10 ./Core/Src/main.o
 .debug_macro   0x000000000000112f      0x22e ./Core/Src/motors.o
 .debug_macro   0x000000000000135d       0x10 ./Core/Src/motors.o
 .debug_macro   0x000000000000136d       0x22 ./Core/Src/motors.o
 .debug_macro   0x000000000000138f      0x1c5 ./Core/Src/pdT.o
 .debug_macro   0x0000000000001554      0x1d3 ./Core/Src/pdV.o
 .debug_macro   0x0000000000001727      0x223 ./Core/Src/spi.o
 .debug_macro   0x000000000000194a      0x19f ./Core/Src/stm32f1xx_hal_msp.o
 .debug_macro   0x0000000000001ae9      0x1a9 ./Core/Src/stm32f1xx_it.o
 .debug_macro   0x0000000000001c92      0x196 ./Core/Src/system_stm32f1xx.o
 .debug_macro   0x0000000000001e28      0x213 ./Core/Src/tim.o
 .debug_macro   0x000000000000203b      0x1b4 ./Drivers/STM32F1xx_HAL_Driver/Src/stm32f1xx_hal.o
 .debug_macro   0x00000000000021ef      0x190 ./Drivers/STM32F1xx_HAL_Driver/Src/stm32f1xx_hal_cortex.o
 .debug_macro   0x000000000000237f      0x1fb ./Drivers/STM32F1xx_HAL_Driver/Src/stm32f1xx_hal_gpio.o
 .debug_macro   0x000000000000257a      0x1a2 ./Drivers/STM32F1xx_HAL_Driver/Src/stm32f1xx_hal_rcc.o
 .debug_macro   0x000000000000271c      0x191 ./Drivers/STM32F1xx_HAL_Driver/Src/stm32f1xx_hal_tim.o
 .debug_macro   0x00000000000028ad      0x190 ./Drivers/STM32F1xx_HAL_Driver/Src/stm32f1xx_hal_tim_ex.o

.debug_line     0x0000000000000000     0xf213
 .debug_line    0x0000000000000000      0x81f ./Core/Src/adc.o
 .debug_line    0x000000000000081f      0x6a1 ./Core/Src/dma.o
 .debug_line    0x0000000000000ec0      0x7fa ./Core/Src/encoder.o
 .debug_line    0x00000000000016ba     0x1726 ./Core/Src/flood.o
 .debug_line    0x0000000000002de0      0x739 ./Core/Src/gpio.o
 .debug_line    0x0000000000003519      0x7d3 ./Core/Src/hugger.o
 .debug_line    0x0000000000003cec      0x6d0 ./Core/Src/lock.o
 .debug_line    0x00000000000043bc      0xa2f ./Core/Src/main.o
 .debug_line    0x0000000000004deb      0x94d ./Core/Src/motors.o
 .debug_line    0x0000000000005738      0x7e4 ./Core/Src/pdT.o
 .debug_line    0x0000000000005f1c      0x8ef ./Core/Src/pdV.o
 .debug_line    0x000000000000680b      0x736 ./Core/Src/spi.o
 .debug_line    0x0000000000006f41      0x6f9 ./Core/Src/stm32f1xx_hal_msp.o
 .debug_line    0x000000000000763a      0x751 ./Core/Src/stm32f1xx_it.o
 .debug_line    0x0000000000007d8b      0x730 ./Core/Src/system_stm32f1xx.o
 .debug_line    0x00000000000084bb      0x887 ./Core/Src/tim.o
 .debug_line    0x0000000000008d42       0x84 ./Core/Startup/startup_stm32f103c8tx.o
 .debug_line    0x0000000000008dc6      0x93a ./Drivers/STM32F1xx_HAL_Driver/Src/stm32f1xx_hal.o
 .debug_line    0x0000000000009700      0xb28 ./Drivers/STM32F1xx_HAL_Driver/Src/stm32f1xx_hal_cortex.o
 .debug_line    0x000000000000a228      0x9da ./Drivers/STM32F1xx_HAL_Driver/Src/stm32f1xx_hal_gpio.o
 .debug_line    0x000000000000ac02      0xd4e ./Drivers/STM32F1xx_HAL_Driver/Src/stm32f1xx_hal_rcc.o
 .debug_line    0x000000000000b950     0x278a ./Drivers/STM32F1xx_HAL_Driver/Src/stm32f1xx_hal_tim.o
 .debug_line    0x000000000000e0da     0x1139 ./Drivers/STM32F1xx_HAL_Driver/Src/stm32f1xx_hal_tim_ex.o

.debug_str      0x0000000000000000    0x6db0d
 .debug_str     0x0000000000000000    0x68fdb ./Core/Src/adc.o
                                      0x692c7 (size before relaxing)
 .debug_str     0x0000000000068fdb       0x36 ./Core/Src/dma.o
                                      0x690cb (size before relaxing)
 .debug_str     0x0000000000069011      0x53c ./Core/Src/encoder.o
                                      0x696a6 (size before relaxing)
 .debug_str     0x000000000006954d      0x230 ./Core/Src/flood.o
                                      0x69862 (size before relaxing)
 .debug_str     0x000000000006977d       0xbc ./Core/Src/gpio.o
                                      0x68f2b (size before relaxing)
 .debug_str     0x0000000000069839       0x34 ./Core/Src/hugger.o
                                      0x69639 (size before relaxing)
 .debug_str     0x000000000006986d      0x2e9 ./Core/Src/lock.o
                                      0x691bd (size before relaxing)
 .debug_str     0x0000000000069b56     0x19cf ./Core/Src/main.o
                                      0x6b3f6 (size before relaxing)
 .debug_str     0x000000000006b525      0x18f ./Core/Src/motors.o
                                      0x69801 (size before relaxing)
 .debug_str     0x000000000006b6b4      0x116 ./Core/Src/pdT.o
                                      0x69274 (size before relaxing)
 .debug_str     0x000000000006b7ca      0x11a ./Core/Src/pdV.o
                                      0x69331 (size before relaxing)
 .debug_str     0x000000000006b8e4       0x39 ./Core/Src/spi.o
                                      0x69625 (size before relaxing)
 .debug_str     0x000000000006b91d       0xa9 ./Core/Src/stm32f1xx_hal_msp.o
                                      0x69387 (size before relaxing)
 .debug_str     0x000000000006b9c6       0xbd ./Core/Src/stm32f1xx_it.o
                                      0x68f4c (size before relaxing)
 .debug_str     0x000000000006ba83       0xc2 ./Core/Src/system_stm32f1xx.o
                                      0x68f24 (size before relaxing)
 .debug_str     0x000000000006bb45      0x1c4 ./Core/Src/tim.o
                                      0x6984d (size before relaxing)
 .debug_str     0x000000000006bd09       0x36 ./Core/Startup/startup_stm32f103c8tx.o
                                         0x7a (size before relaxing)
 .debug_str     0x000000000006bd3f      0x3c5 ./Drivers/STM32F1xx_HAL_Driver/Src/stm32f1xx_hal.o
                                      0x69535 (size before relaxing)
 .debug_str     0x000000000006c104      0x2c2 ./Drivers/STM32F1xx_HAL_Driver/Src/stm32f1xx_hal_cortex.o
                                      0x69543 (size before relaxing)
 .debug_str     0x000000000006c3c6      0x31f ./Drivers/STM32F1xx_HAL_Driver/Src/stm32f1xx_hal_gpio.o
                                      0x6926e (size before relaxing)
 .debug_str     0x000000000006c6e5      0x263 ./Drivers/STM32F1xx_HAL_Driver/Src/stm32f1xx_hal_rcc.o
                                      0x692a7 (size before relaxing)
 .debug_str     0x000000000006c948      0xc96 ./Drivers/STM32F1xx_HAL_Driver/Src/stm32f1xx_hal_tim.o
                                      0x6a072 (size before relaxing)
 .debug_str     0x000000000006d5de      0x52f ./Drivers/STM32F1xx_HAL_Driver/Src/stm32f1xx_hal_tim_ex.o
                                      0x69872 (size before relaxing)

.comment        0x0000000000000000       0x53
 .comment       0x0000000000000000       0x53 ./Core/Src/adc.o
                                         0x54 (size before relaxing)
 .comment       0x0000000000000053       0x54 ./Core/Src/dma.o
 .comment       0x0000000000000053       0x54 ./Core/Src/encoder.o
 .comment       0x0000000000000053       0x54 ./Core/Src/flood.o
 .comment       0x0000000000000053       0x54 ./Core/Src/gpio.o
 .comment       0x0000000000000053       0x54 ./Core/Src/hugger.o
 .comment       0x0000000000000053       0x54 ./Core/Src/lock.o
 .comment       0x0000000000000053       0x54 ./Core/Src/main.o
 .comment       0x0000000000000053       0x54 ./Core/Src/motors.o
 .comment       0x0000000000000053       0x54 ./Core/Src/pdT.o
 .comment       0x0000000000000053       0x54 ./Core/Src/pdV.o
 .comment       0x0000000000000053       0x54 ./Core/Src/spi.o
 .comment       0x0000000000000053       0x54 ./Core/Src/stm32f1xx_hal_msp.o
 .comment       0x0000000000000053       0x54 ./Core/Src/stm32f1xx_it.o
 .comment       0x0000000000000053       0x54 ./Core/Src/system_stm32f1xx.o
 .comment       0x0000000000000053       0x54 ./Core/Src/tim.o
 .comment       0x0000000000000053       0x54 ./Drivers/STM32F1xx_HAL_Driver/Src/stm32f1xx_hal.o
 .comment       0x0000000000000053       0x54 ./Drivers/STM32F1xx_HAL_Driver/Src/stm32f1xx_hal_cortex.o
 .comment       0x0000000000000053       0x54 ./Drivers/STM32F1xx_HAL_Driver/Src/stm32f1xx_hal_gpio.o
 .comment       0x0000000000000053       0x54 ./Drivers/STM32F1xx_HAL_Driver/Src/stm32f1xx_hal_rcc.o
 .comment       0x0000000000000053       0x54 ./Drivers/STM32F1xx_HAL_Driver/Src/stm32f1xx_hal_tim.o
 .comment       0x0000000000000053       0x54 ./Drivers/STM32F1xx_HAL_Driver/Src/stm32f1xx_hal_tim_ex.o

.debug_frame    0x0000000000000000     0x32e0
 .debug_frame   0x0000000000000000      0x16c ./Core/Src/adc.o
 .debug_frame   0x000000000000016c       0x4c ./Core/Src/dma.o
 .debug_frame   0x00000000000001b8      0x14c ./Core/Src/encoder.o
 .debug_frame   0x0000000000000304      0x298 ./Core/Src/flood.o
 .debug_frame   0x000000000000059c       0xa4 ./Core/Src/gpio.o
 .debug_frame   0x0000000000000640       0x48 ./Core/Src/hugger.o
 .debug_frame   0x0000000000000688       0x88 ./Core/Src/lock.o
 .debug_frame   0x0000000000000710       0x6c ./Core/Src/main.o
 .debug_frame   0x000000000000077c      0x198 ./Core/Src/motors.o
 .debug_frame   0x0000000000000914      0x154 ./Core/Src/pdT.o
 .debug_frame   0x0000000000000a68      0x1cc ./Core/Src/pdV.o
 .debug_frame   0x0000000000000c34       0xb0 ./Core/Src/spi.o
 .debug_frame   0x0000000000000ce4       0xac ./Core/Src/stm32f1xx_hal_msp.o
 .debug_frame   0x0000000000000d90      0x10c ./Core/Src/stm32f1xx_it.o
 .debug_frame   0x0000000000000e9c       0x58 ./Core/Src/system_stm32f1xx.o
 .debug_frame   0x0000000000000ef4      0x148 ./Core/Src/tim.o
 .debug_frame   0x000000000000103c      0x334 ./Drivers/STM32F1xx_HAL_Driver/Src/stm32f1xx_hal.o
 .debug_frame   0x0000000000001370      0x428 ./Drivers/STM32F1xx_HAL_Driver/Src/stm32f1xx_hal_cortex.o
 .debug_frame   0x0000000000001798      0x14c ./Drivers/STM32F1xx_HAL_Driver/Src/stm32f1xx_hal_gpio.o
 .debug_frame   0x00000000000018e4      0x21c ./Drivers/STM32F1xx_HAL_Driver/Src/stm32f1xx_hal_rcc.o
 .debug_frame   0x0000000000001b00     0x10e8 ./Drivers/STM32F1xx_HAL_Driver/Src/stm32f1xx_hal_tim.o
 .debug_frame   0x0000000000002be8      0x5c0 ./Drivers/STM32F1xx_HAL_Driver/Src/stm32f1xx_hal_tim_ex.o
 .debug_frame   0x00000000000031a8       0x2c C:/ST/STM32CubeIDE_1.16.0/STM32CubeIDE/plugins/com.st.stm32cube.ide.mcu.externaltools.gnu-tools-for-stm32.9-2020-q2-update.win32_2.1.200.202402032213/tools/bin/../lib/gcc/arm-none-eabi/9.3.1/../../../../arm-none-eabi/lib/thumb/v7-m/nofp\libc_nano.a(lib_a-init.o)
 .debug_frame   0x00000000000031d4       0x20 C:/ST/STM32CubeIDE_1.16.0/STM32CubeIDE/plugins/com.st.stm32cube.ide.mcu.externaltools.gnu-tools-for-stm32.9-2020-q2-update.win32_2.1.200.202402032213/tools/bin/../lib/gcc/arm-none-eabi/9.3.1/../../../../arm-none-eabi/lib/thumb/v7-m/nofp\libc_nano.a(lib_a-memset.o)
 .debug_frame   0x00000000000031f4       0xc8 C:/ST/STM32CubeIDE_1.16.0/STM32CubeIDE/plugins/com.st.stm32cube.ide.mcu.externaltools.gnu-tools-for-stm32.9-2020-q2-update.win32_2.1.200.202402032213/tools/bin/../lib/gcc/arm-none-eabi/9.3.1/thumb/v7-m/nofp\libgcc.a(_arm_cmpsf2.o)
 .debug_frame   0x00000000000032bc       0x24 C:/ST/STM32CubeIDE_1.16.0/STM32CubeIDE/plugins/com.st.stm32cube.ide.mcu.externaltools.gnu-tools-for-stm32.9-2020-q2-update.win32_2.1.200.202402032213/tools/bin/../lib/gcc/arm-none-eabi/9.3.1/thumb/v7-m/nofp\libgcc.a(_arm_fixunssfsi.o)
